LCOMPILERS_ASSERT failed: $DIR/src/lpython/semantics/python_ast_to_asr.cpp
function visit_BoolOp(), line number 3329 at 
ASRUtils::check_equal_type(ASRUtils::expr_type(lhs), ASRUtils::expr_type(rhs))
Aborted
