
This is
...
The first element is:
The middle element is:
* 2 =
Total: 9.41999999999999993e+00
(1, 2, 3) is a tuple, but is a number.
1 is smaller than 2 is smaller than 3
1 # 2 # 3 # 4 # 5 # 

List  0 :
List  1 :
List  2 :
